#-----------------------------------------------------------
# Vivado v2018.3 (64-bit)
# SW Build 2405991 on Thu Dec  6 23:38:27 MST 2018
# IP Build 2404404 on Fri Dec  7 01:43:56 MST 2018
# Start of session at: Mon Dec  2 18:33:47 2019
# Process ID: 8724
# Current directory: H:/Documents/TTE_1/TTE_1/project_1
# Command line: vivado.exe -gui_launcher_event rodinguilauncherevent15716 H:\Documents\TTE_1\TTE_1\project_1\project_1.xpr
# Log file: H:/Documents/TTE_1/TTE_1/project_1/vivado.log
# Journal file: H:/Documents/TTE_1/TTE_1/project_1\vivado.jou
#-----------------------------------------------------------
start_gui
open_project H:/Documents/TTE_1/TTE_1/project_1/project_1.xpr
update_compile_order -fileset sources_1
export_ip_user_files -of_objects  [get_files H:/Documents/TTE_1/timetoexplore-master/timetoexplore-master/vga03/graphics/sprites_palette.mem] -no_script -reset -force -quiet
export_ip_user_files -of_objects  [get_files H:/Documents/TTE_1/timetoexplore-master/timetoexplore-master/vga03/graphics/sprites.mem] -no_script -reset -force -quiet
remove_files  {H:/Documents/TTE_1/timetoexplore-master/timetoexplore-master/vga03/graphics/sprites_palette.mem H:/Documents/TTE_1/timetoexplore-master/timetoexplore-master/vga03/graphics/sprites.mem}
add_files -norecurse {H:/Documents/TTE_1/TTE_1/sprites.mem H:/Documents/TTE_1/TTE_1/sprites_palette.mem}
open_hw
connect_hw_server
open_hw_target
set_property PROGRAM.FILE {H:/Documents/TTE_1/TTE_1/project_1/project_1.runs/impl_1/top.bit} [get_hw_devices xc7a100t_0]
current_hw_device [get_hw_devices xc7a100t_0]
refresh_hw_device -update_hw_probes false [lindex [get_hw_devices xc7a100t_0] 0]
set_property PROBES.FILE {} [get_hw_devices xc7a100t_0]
set_property FULL_PROBES.FILE {} [get_hw_devices xc7a100t_0]
set_property PROGRAM.FILE {H:/Documents/TTE_1/TTE_1/project_1/project_1.runs/impl_1/top.bit} [get_hw_devices xc7a100t_0]
program_hw_devices [get_hw_devices xc7a100t_0]
refresh_hw_device [lindex [get_hw_devices xc7a100t_0] 0]
import_files {H:/Documents/GitHub/Verilog_game/testgame2/testgame2.srcs/sources_1/ip/AccelerometerCtl2_0/AccelerometerCtl2_0.xci H:/Documents/GitHub/Verilog_game/testgame2/testgame2.srcs/sources_1/ip/AccelerometerCtl2_2/AccelerometerCtl2_2.xci}
update_compile_order -fileset sources_1
reset_run synth_1
update_compile_order -fileset sources_1
launch_runs impl_1 -to_step write_bitstream -jobs 6
wait_on_run impl_1
set_property PROBES.FILE {} [get_hw_devices xc7a100t_0]
set_property FULL_PROBES.FILE {} [get_hw_devices xc7a100t_0]
set_property PROGRAM.FILE {H:/Documents/TTE_1/TTE_1/project_1/project_1.runs/impl_1/top.bit} [get_hw_devices xc7a100t_0]
program_hw_devices [get_hw_devices xc7a100t_0]
refresh_hw_device [lindex [get_hw_devices xc7a100t_0] 0]
set_property PROBES.FILE {} [get_hw_devices xc7a100t_0]
set_property FULL_PROBES.FILE {} [get_hw_devices xc7a100t_0]
set_property PROGRAM.FILE {H:/Documents/TTE_1/TTE_1/project_1/project_1.runs/impl_1/top.bit} [get_hw_devices xc7a100t_0]
program_hw_devices [get_hw_devices xc7a100t_0]
refresh_hw_device [lindex [get_hw_devices xc7a100t_0] 0]
reset_run impl_1 -prev_step 
launch_runs impl_1 -to_step write_bitstream -jobs 6
wait_on_run impl_1
reset_run impl_1 -prev_step 
reset_run synth_1
launch_runs impl_1 -to_step write_bitstream -jobs 6
wait_on_run impl_1
reset_run synth_1
launch_runs impl_1 -to_step write_bitstream -jobs 6
wait_on_run impl_1
set_property PROBES.FILE {} [get_hw_devices xc7a100t_0]
set_property FULL_PROBES.FILE {} [get_hw_devices xc7a100t_0]
set_property PROGRAM.FILE {H:/Documents/TTE_1/TTE_1/project_1/project_1.runs/impl_1/top.bit} [get_hw_devices xc7a100t_0]
program_hw_devices [get_hw_devices xc7a100t_0]
refresh_hw_device [lindex [get_hw_devices xc7a100t_0] 0]
reset_run impl_1 -prev_step 
launch_runs impl_1 -to_step write_bitstream -jobs 6
reset_run synth_1
launch_runs impl_1 -to_step write_bitstream -jobs 6
wait_on_run impl_1
import_files -norecurse {H:/Documents/GitHub/Verilog_game/Racing/Racing.srcs/sources_1/imports/project_3/sevenseg.v H:/Documents/GitHub/Verilog_game/Racing/Racing.srcs/sources_1/imports/project_3/seginterface.v}
update_compile_order -fileset sources_1
reset_run synth_1
launch_runs impl_1 -to_step write_bitstream -jobs 6
wait_on_run impl_1
set_property PROBES.FILE {} [get_hw_devices xc7a100t_0]
set_property FULL_PROBES.FILE {} [get_hw_devices xc7a100t_0]
set_property PROGRAM.FILE {H:/Documents/TTE_1/TTE_1/project_1/project_1.runs/impl_1/top.bit} [get_hw_devices xc7a100t_0]
program_hw_devices [get_hw_devices xc7a100t_0]
refresh_hw_device [lindex [get_hw_devices xc7a100t_0] 0]
reset_run impl_1 -prev_step 
launch_runs impl_1 -to_step write_bitstream -jobs 6
wait_on_run impl_1
set_property PROBES.FILE {} [get_hw_devices xc7a100t_0]
set_property FULL_PROBES.FILE {} [get_hw_devices xc7a100t_0]
set_property PROGRAM.FILE {H:/Documents/TTE_1/TTE_1/project_1/project_1.runs/impl_1/top.bit} [get_hw_devices xc7a100t_0]
program_hw_devices [get_hw_devices xc7a100t_0]
refresh_hw_device [lindex [get_hw_devices xc7a100t_0] 0]
reset_run synth_1
launch_runs impl_1 -to_step write_bitstream -jobs 6
wait_on_run impl_1
open_run impl_1
set_property PROBES.FILE {} [get_hw_devices xc7a100t_0]
set_property FULL_PROBES.FILE {} [get_hw_devices xc7a100t_0]
set_property PROGRAM.FILE {H:/Documents/TTE_1/TTE_1/project_1/project_1.runs/impl_1/top.bit} [get_hw_devices xc7a100t_0]
program_hw_devices [get_hw_devices xc7a100t_0]
refresh_hw_device [lindex [get_hw_devices xc7a100t_0] 0]
reset_run synth_1
launch_runs synth_1 -jobs 6
wait_on_run synth_1
reset_run synth_1
launch_runs impl_1 -to_step write_bitstream -jobs 6
wait_on_run impl_1
set_property PROBES.FILE {} [get_hw_devices xc7a100t_0]
set_property FULL_PROBES.FILE {} [get_hw_devices xc7a100t_0]
set_property PROGRAM.FILE {H:/Documents/TTE_1/TTE_1/project_1/project_1.runs/impl_1/top.bit} [get_hw_devices xc7a100t_0]
program_hw_devices [get_hw_devices xc7a100t_0]
refresh_hw_device [lindex [get_hw_devices xc7a100t_0] 0]
reset_run synth_1
launch_runs impl_1 -to_step write_bitstream -jobs 6
wait_on_run impl_1
reset_run synth_1
launch_runs impl_1 -to_step write_bitstream -jobs 6
wait_on_run impl_1
set_property PROBES.FILE {} [get_hw_devices xc7a100t_0]
set_property FULL_PROBES.FILE {} [get_hw_devices xc7a100t_0]
set_property PROGRAM.FILE {H:/Documents/TTE_1/TTE_1/project_1/project_1.runs/impl_1/top.bit} [get_hw_devices xc7a100t_0]
program_hw_devices [get_hw_devices xc7a100t_0]
refresh_hw_device [lindex [get_hw_devices xc7a100t_0] 0]
reset_run synth_1
launch_runs impl_1 -to_step write_bitstream -jobs 6
wait_on_run impl_1
set_property PROBES.FILE {} [get_hw_devices xc7a100t_0]
set_property FULL_PROBES.FILE {} [get_hw_devices xc7a100t_0]
set_property PROGRAM.FILE {H:/Documents/TTE_1/TTE_1/project_1/project_1.runs/impl_1/top.bit} [get_hw_devices xc7a100t_0]
program_hw_devices [get_hw_devices xc7a100t_0]
refresh_hw_device [lindex [get_hw_devices xc7a100t_0] 0]
set_property PROBES.FILE {} [get_hw_devices xc7a100t_0]
set_property FULL_PROBES.FILE {} [get_hw_devices xc7a100t_0]
set_property PROGRAM.FILE {H:/Documents/TTE_1/TTE_1/project_1/project_1.runs/impl_1/top.bit} [get_hw_devices xc7a100t_0]
program_hw_devices [get_hw_devices xc7a100t_0]
refresh_hw_device [lindex [get_hw_devices xc7a100t_0] 0]
