Copyright 1986-2018 Xilinx, Inc. All Rights Reserved.
----------------------------------------------------------------------------------------------------------------------------------------------------------------
| Tool Version     : Vivado v.2018.3 (win64) Build 2405991 Thu Dec  6 23:38:27 MST 2018
| Date             : Mon Dec  2 17:34:29 2019
| Host             : F211-79 running 64-bit major release  (build 9200)
| Command          : report_power -file wrapper_module_power_routed.rpt -pb wrapper_module_power_summary_routed.pb -rpx wrapper_module_power_routed.rpx
| Design           : wrapper_module
| Device           : xc7a100tcsg324-3
| Design State     : routed
| Grade            : extended
| Process          : typical
| Characterization : Production
----------------------------------------------------------------------------------------------------------------------------------------------------------------

Power Report

Table of Contents
-----------------
1. Summary
1.1 On-Chip Components
1.2 Power Supply Summary
1.3 Confidence Level
2. Settings
2.1 Environment
2.2 Clock Constraints
3. Detailed Reports
3.1 By Hierarchy

1. Summary
----------

+--------------------------+--------------+
| Total On-Chip Power (W)  | 5.185        |
| Design Power Budget (W)  | Unspecified* |
| Power Budget Margin (W)  | NA           |
| Dynamic (W)              | 5.061        |
| Device Static (W)        | 0.124        |
| Effective TJA (C/W)      | 4.6          |
| Max Ambient (C)          | 76.3         |
| Junction Temperature (C) | 48.7         |
| Confidence Level         | Low          |
| Setting File             | ---          |
| Simulation Activity File | ---          |
| Design Nets Matched      | NA           |
+--------------------------+--------------+
* Specify Design Power Budget using, set_operating_conditions -design_power_budget <value in Watts>


1.1 On-Chip Components
----------------------

+----------------+-----------+----------+-----------+-----------------+
| On-Chip        | Power (W) | Used     | Available | Utilization (%) |
+----------------+-----------+----------+-----------+-----------------+
| Slice Logic    |     1.257 |     2258 |       --- |             --- |
|   LUT as Logic |     1.085 |      850 |     63400 |            1.34 |
|   CARRY4       |     0.112 |       71 |     15850 |            0.45 |
|   Register     |     0.050 |     1208 |    126800 |            0.95 |
|   BUFG         |     0.009 |        2 |        32 |            6.25 |
|   F7/F8 Muxes  |     0.001 |        2 |     63400 |           <0.01 |
|   Others       |     0.000 |       23 |       --- |             --- |
| Signals        |     1.047 |     1836 |       --- |             --- |
| I/O            |     2.757 |       21 |       210 |           10.00 |
| Static Power   |     0.124 |          |           |                 |
| Total          |     5.185 |          |           |                 |
+----------------+-----------+----------+-----------+-----------------+


1.2 Power Supply Summary
------------------------

+-----------+-------------+-----------+-------------+------------+
| Source    | Voltage (V) | Total (A) | Dynamic (A) | Static (A) |
+-----------+-------------+-----------+-------------+------------+
| Vccint    |       1.000 |     2.366 |       2.329 |      0.037 |
| Vccaux    |       1.800 |     0.121 |       0.100 |      0.021 |
| Vcco33    |       3.300 |     0.777 |       0.773 |      0.004 |
| Vcco25    |       2.500 |     0.000 |       0.000 |      0.000 |
| Vcco18    |       1.800 |     0.000 |       0.000 |      0.000 |
| Vcco15    |       1.500 |     0.000 |       0.000 |      0.000 |
| Vcco135   |       1.350 |     0.000 |       0.000 |      0.000 |
| Vcco12    |       1.200 |     0.000 |       0.000 |      0.000 |
| Vccaux_io |       1.800 |     0.000 |       0.000 |      0.000 |
| Vccbram   |       1.000 |     0.001 |       0.000 |      0.001 |
| MGTAVcc   |       1.000 |     0.000 |       0.000 |      0.000 |
| MGTAVtt   |       1.200 |     0.000 |       0.000 |      0.000 |
| Vccadc    |       1.800 |     0.020 |       0.000 |      0.020 |
+-----------+-------------+-----------+-------------+------------+


1.3 Confidence Level
--------------------

+-----------------------------+------------+--------------------------------------------------------+--------------------------------------------------------------------------------------------------------------------+
| User Input Data             | Confidence | Details                                                | Action                                                                                                             |
+-----------------------------+------------+--------------------------------------------------------+--------------------------------------------------------------------------------------------------------------------+
| Design implementation state | High       | Design is routed                                       |                                                                                                                    |
| Clock nodes activity        | Low        | User specified less than 75% of clocks                 | Provide missing clock activity with a constraint file, simulation results or by editing the "By Clock Domain" view |
| I/O nodes activity          | Low        | More than 75% of inputs are missing user specification | Provide missing input activity with simulation results or by editing the "By Resource Type -> I/Os" view           |
| Internal nodes activity     | Medium     | User specified less than 25% of internal nodes         | Provide missing internal nodes activity with simulation results or by editing the "By Resource Type" views         |
| Device models               | High       | Device models are Production                           |                                                                                                                    |
|                             |            |                                                        |                                                                                                                    |
| Overall confidence level    | Low        |                                                        |                                                                                                                    |
+-----------------------------+------------+--------------------------------------------------------+--------------------------------------------------------------------------------------------------------------------+


2. Settings
-----------

2.1 Environment
---------------

+-----------------------+--------------------------+
| Ambient Temp (C)      | 25.0                     |
| ThetaJA (C/W)         | 4.6                      |
| Airflow (LFM)         | 250                      |
| Heat Sink             | medium (Medium Profile)  |
| ThetaSA (C/W)         | 4.6                      |
| Board Selection       | medium (10"x10")         |
| # of Board Layers     | 12to15 (12 to 15 Layers) |
| Board Temperature (C) | 25.0                     |
+-----------------------+--------------------------+


2.2 Clock Constraints
---------------------

+-------+--------+-----------------+
| Clock | Domain | Constraint (ns) |
+-------+--------+-----------------+


3. Detailed Reports
-------------------

3.1 By Hierarchy
----------------

+---------------------------------+-----------+
| Name                            | Power (W) |
+---------------------------------+-----------+
| wrapper_module                  |     5.061 |
|   Master_State_Machine_inst     |     0.055 |
|   Navigation_State_Machine_inst |     0.006 |
|   Snake_Control_inst            |     0.246 |
|   Target_Generate_inst          |     0.410 |
|     LDSR7_inst                  |     0.111 |
|     LDSR8_inst                  |     0.299 |
|   Vga_module_inst               |     1.234 |
|     Colour_Memory_inst          |     0.191 |
|     VGA_Interface_inst          |     0.947 |
|     clk_div_inst                |     0.096 |
|   key_filter_inst0              |     0.047 |
|   key_filter_inst1              |     0.047 |
|   key_filter_inst2              |     0.044 |
|   key_filter_inst3              |     0.045 |
|   key_filter_inst4              |     0.048 |
+---------------------------------+-----------+


